[2025-10-06 02:35:24] Digest OK — /home/f/daegis/records/hand-off.md found (1406 bytes)
KPI summary: {
  "override_rate": 0.29,
  "ppl": 9.4,
  "improvement": 0.11
}
[2025-10-06 02:43:36] Digest BEGIN
[2025-10-06 02:43:36] OK hand-off.md found (1406 bytes)
[rt-digest] KPI summary:
{
  "override_rate": 0.29,
  "ppl": 9.4,
  "improvement": 0.11,
  "p_value": 0.041,
  "samples": 128
}
[rt-digest] decision: deploy (p=0.041, Δ=0.11)
[rt-digest] write: /srv/round-table/ab-result.json
[2025-10-06 02:50:05] Digest BEGIN
[2025-10-06 02:50:05] OK hand-off.md found (1406 bytes)
[rt-digest] KPI summary:
{
  "override_rate": 0.29,
  "ppl": 9.4,
  "improvement": 0.11,
  "p_value": 0.041,
  "samples": 128
}
[rt-digest] decision: deploy (p=0.041, Δ=0.11)
[rt-digest] write: /srv/round-table/ab-result.json
[2025-10-06 02:52:30] Digest BEGIN
[2025-10-06 02:52:30] OK hand-off.md found (1406 bytes)
[rt-digest] KPI summary:
{
  "override_rate": 0.29,
  "ppl": 9.4,
  "improvement": 0.11,
  "p_value": 0.041,
  "samples": 128
}
[rt-digest] decision: deploy (p=0.041, Δ=0.11)
[rt-digest] write: /srv/round-table/ab-result.json
[2025-10-06 02:54:20] Digest BEGIN
[2025-10-06 02:54:20] OK hand-off.md found (1406 bytes)
[rt-digest] KPI summary:
{
  "override_rate": 0.29,
  "ppl": 9.4,
  "improvement": 0.11,
  "p_value": 0.041,
  "samples": 128
}
[rt-digest] decision: deploy (p=0.041, Δ=0.11)
[rt-digest] write: /srv/round-table/ab-result.json
[2025-10-06 02:55:23] Digest BEGIN
[2025-10-06 02:55:23] OK hand-off.md found (1406 bytes)
[rt-digest] KPI summary:
{
  "override_rate": 0.29,
  "ppl": 9.4,
  "improvement": 0.11,
  "p_value": 0.041,
  "samples": 128
}
[rt-digest] decision: deploy (p=0.041, Δ=0.11)
[rt-digest] write: /srv/round-table/ab-result.json
[2025-10-06 03:01:28] Digest BEGIN
[2025-10-06 03:01:28] OK hand-off.md found (1406 bytes)
[rt-digest] KPI summary:
{
  "override_rate": 0.29,
  "ppl": 9.4,
  "improvement": 0.11,
  "p_value": 0.041,
  "samples": 128
}
[rt-digest] decision: deploy (p=0.041, Δ=0.11)
[rt-digest] write: /srv/round-table/ab-result.json
[2025-10-06 08:59:10] Digest BEGIN
[2025-10-06 08:59:10] OK hand-off.md found (1317 bytes)
[rt-digest] KPI summary:
{
  "override_rate": 0.29,
  "ppl": 9.4,
  "improvement": 0.11,
  "p_value": 0.041,
  "samples": 128
}
[rt-digest] decision: deploy (p=0.041, Δ=0.11)
[rt-digest] write: /srv/round-table/ab-result.json
[2025-10-06 12:14:38] Digest BEGIN
[2025-10-06 12:14:38] OK hand-off.md found (1317 bytes)
[rt-digest] KPI summary:
{
  "override_rate": 0.29,
  "ppl": 9.4,
  "improvement": 0.11,
  "p_value": 0.041,
  "samples": 128
}
[rt-digest] decision: deploy (p=0.041, Δ=0.11)
[rt-digest] write: /srv/round-table/ab-result.json
[2025-10-06 12:14:46] Digest BEGIN
[2025-10-06 12:14:46] OK hand-off.md found (1317 bytes)
[rt-digest] KPI summary:
{
  "override_rate": 0.29,
  "ppl": 9.4,
  "improvement": 0.11,
  "p_value": 0.041,
  "samples": 128
}
[rt-digest] decision: deploy (p=0.041, Δ=0.11)
[rt-digest] write: /srv/round-table/ab-result.json
[2025-10-06 12:17:18] Digest BEGIN
[2025-10-06 12:17:18] OK hand-off.md found (1317 bytes)
[rt-digest] KPI summary:
{
  "override_rate": 0.29,
  "ppl": 9.4,
  "improvement": 0.11,
  "p_value": 0.041,
  "samples": 128
}
[rt-digest] decision: deploy (p=0.041, Δ=0.11)
[rt-digest] write: /srv/round-table/ab-result.json
[2025-10-06 12:57:58] Digest BEGIN
[2025-10-06 12:57:58] OK hand-off.md found (1317 bytes)
[rt-digest] KPI summary:
{
  "override_rate": 0.29,
  "ppl": 9.4,
  "improvement": 0.11,
  "p_value": 0.041,
  "samples": 128
}
[rt-digest] decision: deploy (p=0.041, Δ=0.11)
[rt-digest] write: /srv/round-table/ab-result.json
[2025-10-06 13:00:15] Digest BEGIN
[2025-10-06 13:00:15] OK hand-off.md found (1317 bytes)
[rt-digest] KPI summary:
{
  "override_rate": 0.29,
  "ppl": 9.4,
  "improvement": 0.11,
  "p_value": 0.041,
  "samples": 128
}
[rt-digest] decision: deploy (p=0.041, Δ=0.11)
[rt-digest] write: /srv/round-table/ab-result.json
[2025-10-06 13:03:36] Digest BEGIN
[2025-10-06 13:03:36] OK hand-off.md found (1317 bytes)
[rt-digest] KPI summary:
{
  "override_rate": 0.29,
  "ppl": 9.4,
  "improvement": 0.11,
  "p_value": 0.041,
  "samples": 128
}
[rt-digest] decision: deploy (p=0.041, Δ=0.11)
[rt-digest] write: /srv/round-table/ab-result.json
[2025-10-06 13:08:42] Digest BEGIN
[2025-10-06 13:08:42] OK hand-off.md found (1317 bytes)
[rt-digest] KPI summary:
{
  "override_rate": 0.29,
  "ppl": 9.4,
  "improvement": 0.11,
  "p_value": 0.041,
  "samples": 128
}
[rt-digest] decision: deploy (p=0.041, Δ=0.11)
[rt-digest] write: /srv/round-table/ab-result.json
